[
{"name":"Zane","originCity":"Vancouver","originProvinceStateCode":"BC","originCountry":"Canada","destinationCity":"Toronto","destinationProvinceStateCode":"ON","destinationCountry":"Canada","notes":"Trip Details: "},
{"name":"Start: Toronto"},
{},
{"name":"Destination: Vancouver"},
{},
{"name":"Distance: 3355.12 km"},
{"name":"Emma","originCity":"Edmonton","originProvinceStateCode":"AB","originCountry":"Canada","destinationCity":"Vancouver","destinationProvinceStateCode":"BC","destinationCountry":"Canada","notes":"Rain will be strong!"},
{},
{"name":"Jakey","originCity":"Seattle","originProvinceStateCode":"WA","originCountry":"United States of America","destinationCity":"Dallas","destinationProvinceStateCode":"TX","destinationCountry":"United States of America","notes":"Dallas Museum of Art "},
{"name":"White Rock Lake "},
{"name":"Dallas Mavericks Game "},
{"name":"Deep Ellum"},
{"name":"Jensen","originCity":"Atlanta","originProvinceStateCode":"GA","originCountry":"United States of America","destinationCity":"Abbotsford","destinationProvinceStateCode":"BC","destinationCountry":"Canada","notes":""},
{"name":"Exciting trip across the country! "},
{"name":"Plan for delays."}
]
