[
  {
    "name": "Zane",
    "origin": "{\"city\":\"Vancouver\",\"provinceStateCode\":\"BC\",\"country\":\"Canada\"}",
    "destination": "{\"city\":\"Toronto\",\"provinceStateCode\":\"ON\",\"country\":\"Canada\"}"
  },
  {
    "name": "Emma",
    "origin": "{\"city\":\"Edmonton\",\"provinceStateCode\":\"AB\",\"country\":\"Canada\"}",
    "destination": "{\"city\":\"Vancouver\",\"provinceStateCode\":\"BC\",\"country\":\"Canada\"}"
  },
  {
    "name": "Jakey",
    "origin": "{\"city\":\"Seattle\",\"provinceStateCode\":\"WA\",\"country\":\"United States of America\"}",
    "destination": "{\"city\":\"Dallas\",\"provinceStateCode\":\"TX\",\"country\":\"United States of America\"}"
  },
  {
    "name": "Samuel",
    "origin": "{\"city\":\"Las Vegas\",\"provinceStateCode\":\"NV\",\"country\":\"United States of America\"}",
    "destination": "{\"city\":\"Vancouver\",\"provinceStateCode\":\"BC\",\"country\":\"Canada\"}"
  },
  {
    "name": "Jensen",
    "origin": "{\"city\":\"Atlanta\",\"provinceStateCode\":\"GA\",\"country\":\"United States of America\"}",
    "destination": "{\"city\":\"Abbotsford\",\"provinceStateCode\":\"BC\",\"country\":\"Canada\"}"
  }
]
