[
{"name":"\"Bob\"","originCity":"\"Atlantis\"","originProvinceStateCode":"AT","originCountry":"\"Some ocean\"","destinationCity":"New York City","destinationProvinceStateCode":"NY","destinationCountry":"United States of America"}
]
