[
    {"name":"Zane","originCity":"Vancouver","originProvinceStateCode":"BC","originCountry":"Canada","destinationCity":"Toronto","destinationProvinceStateCode":"ON","destinationCountry":"Canada"}
]