[
{"name":"Zane","originCity":"Vancouver","originProvinceStateCode":"BC","originCountry":"Canada","destinationCity":"Toronto","destinationProvinceStateCode":"ON","destinationCountry":"Canada","distance":"3355.12","distanceInScientificNotation":"3.35512e+03","shortestArrival":"37","longestArrival":"40"},
{"name":"Emma","originCity":"Edmonton","originProvinceStateCode":"AB","originCountry":"Canada","destinationCity":"Vancouver","destinationProvinceStateCode":"BC","destinationCountry":"Canada","distance":"1159.11","distanceInScientificNotation":"1.15911e+03","shortestArrival":"12","longestArrival":"13"},
{"name":"Jakey","originCity":"Seattle","originProvinceStateCode":"WA","originCountry":"United States of America","destinationCity":"Dallas","destinationProvinceStateCode":"TX","destinationCountry":"United States of America","distance":"3050.72","distanceInScientificNotation":"3.05072e+03","shortestArrival":"30","longestArrival":"32"},
{"name":"Samuel","originCity":"Las Vegas","originProvinceStateCode":"NV","originCountry":"United States of America","destinationCity":"Vancouver","destinationProvinceStateCode":"BC","destinationCountry":"Canada","distance":"1959.49","distanceInScientificNotation":"1.95949e+03","shortestArrival":"20","longestArrival":"22"},
{"name":"Jensen","originCity":"Atlanta","originProvinceStateCode":"GA","originCountry":"United States of America","destinationCity":"Abbotsford","destinationProvinceStateCode":"BC","destinationCountry":"Canada","distance":"4138.50","distanceInScientificNotation":"4.13850e+03","shortestArrival":"41","longestArrival":"44"}
]